<html>
<body>
<div>


<p><b>Part No - xxx
</p></b>

<p><b>Section No &amp; Name -1-1</b> VIKAS PURI, DELHI
</p>

<p>Electoral Roll, 2016 of Assembly Constituency - VIKASPURI,  (GEN) NCT of Delhi <b>(This PDF file has been edited)
</p></b>

<table border="1" style="border-collapse:collapse">
    <tr>
        <td><p> 1 </p></td>
        <td colspan="2" rowspan="2"><p>NEL0000001</p><p> nDoe</p><p><i>Sex : Male</p></i></td>
        <td rowspan="20"></td>
        <td><p> 2 </p></td>
        <td colspan="2" rowspan="2"><p>NEL0000002</p><p> Doe</p><p>5</p><p><i>Sex : Male</p></i></td>
        <td rowspan="20"></td>
        <td><p> 3 </p></td>
        <td colspan="2" rowspan="2"><p>NEL0000003</p><p> Doe</p><p>5</p><p><i>Sex : Male</p></i></td>
    </tr>
    <tr>
        <td><p><i>Name : </i>Joh <i>Father&apos;s Name </i>House No : 0 Age : 55</p><p>:</p></td>
        <td><p><i>Name : </i>John <i>Father&apos;s Name House No : </i>1 Age : 63</p><p>:</p></td>
        <td><p><i>Name : </i>John <i>Father&apos;s Name House No : </i>1 Age : 33</p><p>:</p></td>
    </tr>
    <tr>
        <td><p> 4 </p></td>
        <td colspan="2" rowspan="2"><p>NEL0000004</p><p> Doe</p><p>1</p><p>Sex : Female</p></td>
        <td><p> 5 </p></td>
        <td colspan="2" rowspan="2"><p>NEL0000005</p><p> Doe</p><p>8</p><p><i>Sex : Male</p></i></td>
        <td><p> 6 </p></td>
        <td colspan="2" rowspan="2"><p>NEL0000006</p><p> Doe</p><p>5</p><p><i>Sex : Female</p></i></td>
    </tr>
    <tr>
        <td><p><i>Name : </i>Jane <i>Father&apos;s Name House No : </i>3 <i>Age : 23</p><p></i>:</p></td>
        <td><p><i>Name : </i>John <i>Father&apos;s Name </i>House No : 4 <i>Age : 22</p><p></i>:</p></td>
        <td><p><i>Name : </i>Jane <i>Husband&apos;s Name House No : </i>5 <i>Age : 62</p><p></i>:</p></td>
    </tr>
    <tr>
        <td><p> 7 </p></td>
        <td colspan="2" rowspan="2"><p>NEL0000007</p><p> Doe</p><p>2</p><p><i>Sex : Female</p></i></td>
        <td><p> 8 </p></td>
        <td colspan="2" rowspan="2"><p>NEL0000008</p><p> Doe</p><p>3</p><p><i>Sex : Male</p></i></td>
        <td><p> 9 </p></td>
        <td colspan="2" rowspan="2"><p>NEL0000009</p><p> Doe</p><p>3</p><p><i>Sex : Female</p></i></td>
    </tr>
    <tr>
        <td><p><i>Name : </i>Jane <i>Husband&apos;s Name House No : </i>6 <i>Age : 80</p><p></i>:</p></td>
        <td><p><i>Name : </i>John <i>Father&apos;s Name House No : </i>6 <i>Age : 61</p><p></i>:</p></td>
        <td><p><i>Name : </i>Jane <i>Husband&apos;s Name House No : </i>6 <i>Age : 54</p><p></i>:</p></td>
    </tr>
    <tr>
        <td><p> 10 </p></td>
        <td colspan="2" rowspan="2"><p>NEL0000010</p><p> Doe</p><p>3</p><p><i>Sex : Female</p></i></td>
        <td><p> 11 </p></td>
        <td colspan="2" rowspan="2"><p>NEL0000011</p><p> Doe</p><p>5</p><p><i>Sex : Male</p></i></td>
        <td><p> 12 </p></td>
        <td colspan="2" rowspan="2"><p>LQK0000012</p><p> Doe</p><p>8</p><p><i>Sex : Female</p></i></td>
    </tr>
    <tr>
        <td><p><i>Name : </i>Jane <i>Father&apos;s Name House No : </i>7 <i>Age : 20</p><p></i>:</p></td>
        <td><p><i>Name : </i>John <i>Father&apos;s Name House No : </i>7 <i>Age : 49</p><p></i>:</p></td>
        <td><p><i>Name : </i>Jane <i>Father&apos;s Name House No : </i>8 <i>Age : 41</p><p></i>:</p></td>
    </tr>
    <tr>
        <td><p> 13 </p></td>
        <td colspan="2" rowspan="2"><p>NEL0000013</p><p> Doe</p><p>2</p><p><i>Sex : Female</p></i></td>
        <td><p> 14 </p></td>
        <td colspan="2" rowspan="2"><p>NEL0000014</p><p> Doe</p><p>04 <i>Sex : Female</p></i></td>
        <td><p> 15 </p></td>
        <td colspan="2" rowspan="2"><p>NEL0000015</p><p> Doe</p><p>04 <i>Sex : Male</p></i></td>
    </tr>
    <tr>
        <td><p><i>Name : </i>Jane <i>Husband&apos;s Name House No : </i>9 <i>Age : 28</p><p></i>:</p></td>
        <td><p><i>Name : </i>Jane <i>Husband&apos;s Name House No : </i>1 <i>Age : 45</p><p></i>:</p></td>
        <td><p><i>Name : </i>John <i>Father&apos;s Name House No : </i>1 <i>Age : 43</p><p></i>:</p></td>
    </tr>
    <tr>
        <td><p> 16 </p></td>
        <td colspan="2" rowspan="2"><p>NEL0000016</p><p> Doe</p><p>04 <i>Sex : Female</p></i></td>
        <td><p> 17 </p></td>
        <td colspan="2" rowspan="2"><p>NEL0000017</p><p> Doe</p><p>19-B <i>Sex : Female</p></i></td>
        <td><p> 18 </p></td>
        <td colspan="2" rowspan="2"><p>NEL0000018</p><p> Doe</p><p>26 <i>Sex : Female</p></i></td>
    </tr>
    <tr>
        <td><p><i>Name : </i>Jane <i>Father&apos;s Name House No : </i>1 <i>Age : 23</p><p></i>:</p></td>
        <td><p><i>Name : </i>Jane <i>Father&apos;s Name House No : </i>1 <i>Age : 46</p><p></i>:</p></td>
        <td><p><i>Name : </i>Jane <i>Father&apos;s Name House No : </i>1 <i>Age : 22</p><p></i>:</p></td>
    </tr>
    <tr>
        <td><p> 19 </p></td>
        <td colspan="2" rowspan="2"><p>NEL0000019</p><p> nDoe</p><p>33 <i>Sex : Male</p></i></td>
        <td><p> 20 </p></td>
        <td colspan="2" rowspan="2"><p>NEL0000020</p><p> Doe</p><p>43 <i>Sex : Male</p></i></td>
        <td><p> 21 </p></td>
        <td colspan="2" rowspan="2"><p>NEL0000021</p><p> Doe</p><p>45 <i>Sex : Male</p></i></td>
    </tr>
    <tr>
        <td><p><i>Name : </i>Joh <i>Father&apos;s Name House No : </i>1 <i>Age : 29</p><p></i>:</p></td>
        <td><p><i>Name : </i>John <i>Father&apos;s Name House No : </i>1 <i>Age : 25</p><p></i>:</p></td>
        <td><p><i>Name : </i>John <i>Father&apos;s Name House No : </i>1 <i>Age : 47</p><p></i>:</p></td>
    </tr>
    <tr>
        <td><p> 22 </p></td>
        <td colspan="2" rowspan="2"><p>NEL0000022</p><p> Doe</p><p>47 <i>Sex : Female</p></i></td>
        <td><p> 23 </p></td>
        <td colspan="2" rowspan="2"><p>NEL0000023</p><p> Doe</p><p>51 <i>Sex : Male</p></i></td>
        <td><p> 24 </p></td>
        <td colspan="2" rowspan="2"><p>NEL0000024</p><p> Doe</p><p>55 <i>Sex : Female</p></i></td>
    </tr>
    <tr>
        <td><p><i>Name : </i>Jane <i>Father&apos;s Name House No : </i>1 <i>Age : 20</p><p></i>:</p></td>
        <td><p><i>Name : </i>John <i>Mother&apos;s Name House No : </i>1 <i>Age : 24</p><p></i>:</p></td>
        <td><p><i>Name : </i>Jane <i>Father&apos;s Name House No : </i>1 <i>Age : 21</p><p></i>:</p></td>
    </tr>
    <tr>
        <td><p> 25 </p></td>
        <td colspan="2" rowspan="2"><p>NEL0000025</p><p> nDoe</p><p>78 <i>Sex : Male</p></i></td>
        <td><p> 26 </p></td>
        <td colspan="2" rowspan="2"><p>NEL0000026</p><p> Doe</p><p>78 <i>Sex : Female</p></i></td>
        <td><p> 27 </p></td>
        <td colspan="2" rowspan="2"><p>NEL0000027</p><p> Doe</p><p>94 <i>Sex : Male</p></i></td>
    </tr>
    <tr>
        <td><p><i>Name : </i>Joh <i>Father&apos;s Name House No : </i>1 <i>Age : 41</p><p></i>:</p></td>
        <td><p><i>Name : </i>Jane <i>Husband&apos;s Name House No : </i>1 <i>Age : 35</p><p></i>:</p></td>
        <td><p><i>Name : </i>John <i>Father&apos;s Name House No : </i>1 <i>Age : 59</p><p></i>:</p></td>
    </tr>
    <tr>
        <td><p> 28 </p></td>
        <td colspan="2" rowspan="2"><p>NEL0000028</p><p> Doe</p><p>95 <i>Sex : Female</p></i></td>
        <td><p> 29 </p></td>
        <td colspan="2" rowspan="2"><p>NEL0000029</p><p> Doe</p><p>95 <i>Sex : Female</p></i></td>
        <td><p> 30 </p></td>
        <td colspan="2" rowspan="2"><p>NEL0000030</p><p> Doe</p><p>01 <i>Sex : Male</p></i></td>
    </tr>
    <tr>
        <td><p><i>Name : </i>Jane <i>Husband&apos;s Name House No : </i>1 <i>Age : 33</p><p></i>:</p></td>
        <td><p><i>Name : </i>Jane <i>Husband&apos;s Name House No : </i>1 <i>Age : 28</p><p></i>:</p></td>
        <td><p><i>Name : </i>John <i>Father&apos;s Name House No : </i>2 <i>Age : 45</p><p></i>:</p></td>
    </tr>
</table>



<p>Page 3 of 33
</p>

<p>S-Shifted, E-Expired, M-Missing, Q- Disqualification, R-Duplicate
</p>

<p>Age as on 01-01-2016
</p>

<p>Issued By Electoral Registration Officer
</p></div>
</body>
</html>
