" 1","Sex : MaleNEL0000001n Doe","","",""," 2","5 Sex : MaleNEL0000002 Doe","","",""," 3","5 Sex : MaleNEL0000003 Doe","",""
"Name : Father&apos;s : Name 0JohHouse No : Age : 55","","","","","Name : Father&apos;s : Name 1 House No :JohnAge : 63","","","","","Name : Father&apos;s : Name 1 House No :JohnAge : 33","","",""
