<html>
<body>


<table border="1" style="border-collapse:collapse">
    <tr>
        <td rowspan="2"><p><b>2011-12)</p><p>(No.ofadults:</p><p>FastingBloodSugar </p></b></td>
        <td><p><b>Women</p></b></td>
        <td><p>2391</p></td>
        <td><p>1739</p></td>
        <td><p>2028</p></td>
        <td><p>1529</p></td>
        <td><p>1599</p></td>
        <td><p>2503</p></td>
        <td><p>1709</p></td>
        <td><p>1628</p></td>
        <td><p>2027</p></td>
        <td><p>1366</p></td>
        <td><p><b>18519</p></b></td>
        <td></td>
        <td rowspan="10"></td>
        <td rowspan="10"><p>*Datanotavailable </p></td>
    </tr>
    <tr>
        <td><p><b>Men</p></b></td>
        <td><p>1645</p></td>
        <td><p>1119</p></td>
        <td><p>1628</p></td>
        <td><p>1111</p></td>
        <td><p>1417</p></td>
        <td><p>2122</p></td>
        <td><p>1579</p></td>
        <td><p>1093</p></td>
        <td><p>1413</p></td>
        <td><p>1185</p></td>
        <td><p><b>14312</p></b></td>
        <td></td>
    </tr>
    <tr>
        <td rowspan="2"><p><b>2011-12)</p><p>(No.ofadults: </p><p>BloodPressure </p></b></td>
        <td><p><b>Women</p></b></td>
        <td><p>3195</p></td>
        <td><p>2858</p></td>
        <td><p>2894</p></td>
        <td><p>2493</p></td>
        <td><p>2648</p></td>
        <td><p>3021</p></td>
        <td><p>2150</p></td>
        <td><p>2624</p></td>
        <td><p>2743</p></td>
        <td><p>2415</p></td>
        <td><p><b>27041</p></b></td>
        <td></td>
    </tr>
    <tr>
        <td><p><b>Men</p></b></td>
        <td><p>2161</p></td>
        <td><p>2134</p></td>
        <td><p>2467</p></td>
        <td><p>1899</p></td>
        <td><p>2368</p></td>
        <td><p>2687</p></td>
        <td><p>1965</p></td>
        <td><p>2040</p></td>
        <td><p>2058</p></td>
        <td><p>2139</p></td>
        <td><p><b>21918</p></b></td>
        <td></td>
    </tr>
    <tr>
        <td colspan="2"><p><b>2011-12)</p><p>IYCFPractices </p><p>(No.ofmothers: </p></b></td>
        <td><p>245</p></td>
        <td><p>413</p></td>
        <td><p>428</p></td>
        <td><p>557</p></td>
        <td><p>467</p></td>
        <td><p>477</p></td>
        <td><p>470</p></td>
        <td><p>398</p></td>
        <td><p>423</p></td>
        <td><p>581</p></td>
        <td><p><b>4459</p></b></td>
        <td></td>
    </tr>
    <tr>
        <td rowspan="4"><p><b>(No.ofindividuals) </p><p>NutritionalAssessment </p></b></td>
        <td><p><b>2011-12 </p></b></td>
        <td><p>8297</p></td>
        <td><p>7851</p></td>
        <td><p>8958</p></td>
        <td><p>8300</p></td>
        <td><p>9525</p></td>
        <td><p>9645</p></td>
        <td><p>7942</p></td>
        <td><p>8473</p></td>
        <td><p>8047</p></td>
        <td><p>9860</p></td>
        <td><p><b>86898</p></b></td>
        <td></td>
    </tr>
    <tr>
        <td><p><b>1996-97</p></b></td>
        <td><p>8864</p></td>
        <td><p>5813</p></td>
        <td><p>12606</p></td>
        <td><p>9545</p></td>
        <td><p>6883</p></td>
        <td><p>4866</p></td>
        <td><p>*</p></td>
        <td><p>12024</p></td>
        <td><p>*</p></td>
        <td><p>*</p></td>
        <td><p><b>60601</p></b></td>
        <td></td>
    </tr>
    <tr>
        <td><p><b>1988-90</p></b></td>
        <td><p>6633</p></td>
        <td><p>10217</p></td>
        <td><p>8138</p></td>
        <td><p>9920</p></td>
        <td><p>7796</p></td>
        <td><p>5374</p></td>
        <td><p>*</p></td>
        <td><p>5540</p></td>
        <td><p>*</p></td>
        <td><p>*</p></td>
        <td><p><b>53618</p></b></td>
        <td></td>
    </tr>
    <tr>
        <td><p><b>1975-79</p></b></td>
        <td><p>5738</p></td>
        <td><p>7387</p></td>
        <td><p>6453</p></td>
        <td><p>5844</p></td>
        <td><p>5161</p></td>
        <td><p>4403</p></td>
        <td><p>*</p></td>
        <td><p>3756</p></td>
        <td><p>*</p></td>
        <td><p>*</p></td>
        <td><p><b>38742</p></b></td>
        <td></td>
    </tr>
    <tr>
        <td colspan="2"><p><b>State</p></b></td>
        <td><p>Kerala</p></td>
        <td><p>TamilNadu</p></td>
        <td><p>Karnataka</p></td>
        <td><p>AndhraPradesh</p></td>
        <td><p>Maharashtra</p></td>
        <td><p>Gujarat</p></td>
        <td><p>MadhyaPradesh</p></td>
        <td><p>Orissa</p></td>
        <td><p>WestBengal</p></td>
        <td><p>UttarPradesh</p></td>
        <td><p><b>Pooled</p></b></td>
        <td></td>
    </tr>
</table>



<p>(Contd...)
</p>

<p><b>Table1:STATEWISECOVERAGEPARTICULARSBYPERIODOFSURVEY 
</p></b>

<p>NNMB72Rural-ThirdRepeatSurvey2011-12 
</p></body>
</html>
